[www.bancaporinternet.bcp.com.bo/Account/Login.html]
[www.bancaporinternet.bcp.com.bo/Content/Images/soho/favicon.png]
[backblue.gif]
[fade.gif]
[index.html]
[www.bancaporinternet.bcp.com.bo/Content/stylesheets/bootstrap.css]
[www.bancaporinternet.bcp.com.bo/Content/stylesheets/bootstrap-datetimepicker.css]
[www.bancaporinternet.bcp.com.bo/Content/stylesheets/newbase.css]
[www.bancaporinternet.bcp.com.bo/Content/stylesheets/base-external.css]
[www.bancaporinternet.bcp.com.bo/Scripts/jquery-1.8.0.js]
[www.bancaporinternet.bcp.com.bo/Scripts/jquery-3.6.0.js]
[www.bancaporinternet.bcp.com.bo/Scripts/jquery-3.7.1.js]
[www.bancaporinternet.bcp.com.bo/Scripts/jquery.keypadibk.js]
[www.bancaporinternet.bcp.com.bo/Content/stylesheets/Projekktor/projekktor.style.css]
[www.bancaporinternet.bcp.com.bo/Content/stylesheets/font-awesome.css]
[www.bancaporinternet.bcp.com.bo/Scripts/respond.min.js]
[www.bancaporinternet.bcp.com.bo/Scripts/html5.js]
[www.bancaporinternet.bcp.com.bo/Scripts/jquery.unobtrusive-ajax.js]
[www.bancaporinternet.bcp.com.bo/Scripts/jquery.validate.js]
[www.bancaporinternet.bcp.com.bo/Scripts/jquery.validate.unobtrusive.js]
[www.bancaporinternet.bcp.com.bo/Scripts/bootstrap.js]
[www.bancaporinternet.bcp.com.bo/Scripts/bootstrap-datetimepicker.js]
[www.bancaporinternet.bcp.com.bo/Scripts/BxI/ValidationSupportLoading.js]
[www.bancaporinternet.bcp.com.bo/Scripts/projekktor-1.3.09.js]
[www.bancaporinternet.bcp.com.bo/Content/stylesheets/soho/style.css]
[www.bancaporinternet.bcp.com.bo/Content/stylesheets/soho/main.css]
[www.bancaporinternet.bcp.com.bo/Content/Images/soho/bcpFondoLogin.jpg]
[www.bancaporinternet.bcp.com.bo/Account/BCPKeyForgotten.html]
[www.bancaporinternet.bcp.com.bo/Account/BCPKey.html]
[www.bancaporinternet.bcp.com.bo/Content/Images/soho/close.png]
[www.bancaporinternet.bcp.com.bo/Scripts/borders.js]
[www.bancaporinternet.bcp.com.bo/Scripts/soho/librerias/js.cookie.js]
[www.bancaporinternet.bcp.com.bo/Scripts/soho/controlador/IExplorer9.js]
[www.bancaporinternet.bcp.com.bo/Scripts/soho/jquery.browser.js]
[www.google.com/recaptcha/api.js]
[www.bancaporinternet.bcp.com.bo/Content/Images/soho/banner-proyectos-mente.jpg]
[www.bancaporinternet.bcp.com.bo/Content/Images/soho/banner-oferta.jpg]
[seal.globalsign.com/SiteSeal/images/gs_noscript_125-50_en.gif]
[www.bancaporinternet.bcp.com.bo/Scripts/BxI/SliderLanguage.js]
[www.bancaporinternet.bcp.com.bo/Scripts/BxI/Shared.js]
[www.bancaporinternet.bcp.com.bo/Scripts/Functions/Login.js]
[www.bancaporinternet.bcp.com.bo/Scripts/Functions/CardAuthentication.js]
[www.bancaporinternet.bcp.com.bo/Scripts/Functions/Create_Change-InternetKey.js]
[www.bancaporinternet.bcp.com.bo/Scripts/Functions/BCPForgottenKey.js]
[www.bancaporinternet.bcp.com.bo/Scripts/BxI/Init.js]
[www.bancaporinternet.bcp.com.bo/Account/Login.html]
[www.bancaporinternet.bcp.com.bo/Content/stylesheets/bootstrap.css]
[www.bancaporinternet.bcp.com.bo/Content/stylesheets/bootstrap-datetimepicker.css]
[www.bancaporinternet.bcp.com.bo/Content/Images/circulo.png]
[www.bancaporinternet.bcp.com.bo/Content/Images/bannerOfertas.png]
[www.bancaporinternet.bcp.com.bo/Content/Images/under-construction.png]
[www.bancaporinternet.bcp.com.bo/Content/images/main.png]
[www.bancaporinternet.bcp.com.bo/Content/Images/denied-access.png]
[www.bancaporinternet.bcp.com.bo/Content/images/icon-home.png]
[www.bancaporinternet.bcp.com.bo/Content/images/icon-web.png]
[www.bancaporinternet.bcp.com.bo/Content/images/icon-tarifas.png]
[www.bancaporinternet.bcp.com.bo/Content/images/icon-guia.png]
[www.bancaporinternet.bcp.com.bo/Content/images/icon-cliente.png]
[www.bancaporinternet.bcp.com.bo/Content/images/icon-seguridad.png]
[www.bancaporinternet.bcp.com.bo/Content/images/icon-cambio-pin.png]
[www.bancaporinternet.bcp.com.bo/Content/Images/sp-login.png]
[www.bancaporinternet.bcp.com.bo/Content/images/zoom.png]
[www.bancaporinternet.bcp.com.bo/Content/stylesheets/newbase.css]
[www.bancaporinternet.bcp.com.bo/Content/stylesheets/base-external.css]
[www.bancaporinternet.bcp.com.bo/Content/stylesheets/Projekktor/start.png]
[www.bancaporinternet.bcp.com.bo/Content/stylesheets/Projekktor/buffering.gif]
[www.bancaporinternet.bcp.com.bo/Content/stylesheets/Projekktor/maccaco.png]
[www.bancaporinternet.bcp.com.bo/Content/stylesheets/Projekktor/maccaco-load.gif]
[www.bancaporinternet.bcp.com.bo/Content/stylesheets/Projekktor/maccaco-load-static.png]
[www.bancaporinternet.bcp.com.bo/Content/stylesheets/Projekktor/projekktor.style.css]
[www.bancaporinternet.bcp.com.bo/Content/stylesheets/font-awesome.css]
[www.bancaporinternet.bcp.com.bo/Content/stylesheets/soho/style.css]
[www.bancaporinternet.bcp.com.bo/Content/Images/soho/arrowdown.png]
[www.bancaporinternet.bcp.com.bo/Content/stylesheets/soho/main.css]
[www.googletagmanager.com/gtm5445.html]
[www.bancaporinternet.bcp.com.bo/Account/Captcha/change.jpg]
[www.bancaporinternet.bcp.com.bo/Content/Images/refresh.png]
[www.bancaporinternet.bcp.com.bo/Account/BCPKeyForgotten.html]
[www.bancaporinternet.bcp.com.bo/Account/ImageKeyboardSohob126.png]
[www.bancaporinternet.bcp.com.bo/Content/images/soho/background-claveinternet.png]
[www.bancaporinternet.bcp.com.bo/Account/Captcha/create.jpg]
[www.bancaporinternet.bcp.com.bo/Account/BCPKey.html]
[seal.globalsign.com/SiteSeal/gmogs_image_125-50_en_blue.html]
[www.bancaporinternet.bcp.com.bo/Content/stylesheets/Projekktor/noise.html]
[www.bancaporinternet.bcp.com.bo/Content/stylesheets/img/tarjeta-credito.html]
[www.bancaporinternet.bcp.com.bo/Content/stylesheets/img/arrowdown.html]
[www.bancaporinternet.bcp.com.bo/Content/stylesheets/img/lupa-buscador.html]
[www.bancaporinternet.bcp.com.bo/Content/stylesheets/img/indicador.html]
[www.bancaporinternet.bcp.com.bo/Content/img/couple.html]
[www.bancaporinternet.bcp.com.bo/Content/img/lupa-buscador.html]
